Program
  List
<<<<<<< HEAD
    Function TYPE="int" ID="gcd1"
=======
    Function
      IdDecl ID="gcd1" TYPE="int"
        Opt
>>>>>>> 77dad6e1e98fabc43d19ca9f05a4185cf38a4aaa
      List
        IdDecl ID="a" TYPE="int"
          Opt
        IdDecl ID="b" TYPE="int"
          Opt
      List
        WhileStmt
          NotEq
            IdUse ID="a"
            IdUse ID="b"
          List
            IfStmt
              IfBlock
                GreaterThan
                  IdUse ID="a"
                  IdUse ID="b"
                List
                  Assign
                    IdUse ID="a"
                    Sub
                      IdUse ID="a"
                      IdUse ID="b"
              List
              Opt
                ElseBlock
                  List
                    Assign
                      IdUse ID="b"
                      Sub
                        IdUse ID="b"
                        IdUse ID="a"
        Return
          IdUse ID="a"
<<<<<<< HEAD
    Function TYPE="int" ID="gcd2"
=======
    Function
      IdDecl ID="gcd2" TYPE="int"
        Opt
>>>>>>> 77dad6e1e98fabc43d19ca9f05a4185cf38a4aaa
      List
        IdDecl ID="a" TYPE="int"
          Opt
        IdDecl ID="b" TYPE="int"
          Opt
      List
        IfStmt
          IfBlock
            Equals
              IdUse ID="b"
              Literal LITERAL="0"
            List
              Return
                IdUse ID="a"
          List
          Opt
        Return
          FunctionCall
            IdUse ID="gcd2"
            List
              IdUse ID="b"
              Mod
                IdUse ID="a"
                IdUse ID="b"
<<<<<<< HEAD
    Function TYPE="int" ID="main"
=======
    Function
      IdDecl ID="main" TYPE="int"
        Opt
>>>>>>> 77dad6e1e98fabc43d19ca9f05a4185cf38a4aaa
      List
      List
        IdDecl ID="a" TYPE="int"
          Opt
        IdDecl ID="b" TYPE="int"
          Opt
        Assign
          IdUse ID="a"
          FunctionCall
            IdUse ID="read"
            List
        Assign
          IdUse ID="b"
          FunctionCall
            IdUse ID="read"
            List
        ExpressionStmt
          FunctionCall
            IdUse ID="print"
            List
              FunctionCall
                IdUse ID="gcd1"
                List
                  IdUse ID="a"
                  IdUse ID="b"
        ExpressionStmt
          FunctionCall
            IdUse ID="print"
            List
              FunctionCall
                IdUse ID="gcd2"
                List
                  IdUse ID="a"
                  IdUse ID="b"
        IdDecl ID="diff" TYPE="int"
          Opt
            Sub
              FunctionCall
                IdUse ID="gcd1"
                List
                  IdUse ID="a"
                  IdUse ID="b"
              FunctionCall
                IdUse ID="gcd2"
                List
                  IdUse ID="a"
                  IdUse ID="b"
        ExpressionStmt
          FunctionCall
            IdUse ID="print"
            List
              IdUse ID="diff"
        Return
          Literal LITERAL="0"
