Program
  List
    Function TYPE="int" ID="x"
      List
      List
    Function TYPE="int" ID="y"
      List
      List
