Program
  List
    Function TYPE="int"
      Id ID="a"
      List
      List
        Assign
          Id ID="y"
          Id ID="x"
        Assign
          Id ID="x"
          Literal LITERAL="5"
        IdDecl TYPE="int"
          Id ID="y"
        IdDecl TYPE="int"
          Id ID="x"
