Error at line 4: symbol 'read' is already declared!
