Program
  Let
    List
      Binding
        IdDecl ID="radius"
        Ask
          Opt
            Numeral NUMERAL="2.0"
      Binding
        IdDecl ID="badpie"
        Numeral NUMERAL="3.0"
    Mul
      Numeral NUMERAL="2.0"
      Mul
        IdUse ID="badpie"
        IdUse ID="radius"
