Program
  Let
    List
      Binding
        IdDecl ID="radius"
        Ask
          Opt
            Numeral NUMERAL="1.0"
      Binding
        IdDecl ID="pi"
        Numeral NUMERAL="3.14"
    Mul
      Numeral NUMERAL="2.0"
      Mul
        IdUse ID="pi"
        IdUse ID="radius"
