Error at line 3: Expression is not compatible with integer type.
