Error at line 2: Expression is not compatible with integer type.
