Error at line 8: Expression is not compatible with boolean type.
