Error at line 6: Expression is not compatible with boolean type.
